warning[ambiguous_expr]: ambiguous expression
 --> line:6:5
  |
6 |     0 of them
  |     --------- this expression is ambiguous
  |
help: consider using `none` instead of `0`
  |
1 - 0 of them
1 + none of them
  |
